// Jest Snapshot v1, https://goo.gl/fbAQLP

exports[`a simple graphql query 1`] = `
"{ data:
   [Object: null prototype] {
     currentUser: [Object: null prototype] { name: 'Hello World' } } }
"
`;
